// Jest Snapshot v1, https://goo.gl/fbAQLP

exports[`Компонент MainPage рендер основного контента 1`] = `
<div>
  <main
    class="wrapper-swiper"
    data-testid="main"
  >
    <div
      class="wrapper-swiper__arrow-prev wrapper-swiper__arrow_disibled"
      data-testid="left-arrow"
    >
      <img
        alt="Стрелочка влево"
        src="./img/double-arrow.svg"
      />
    </div>
    <div
      class="wrapper-swiper__content"
    >
      <section
        class="about about_active"
        data-testid="about"
        style="--page: 1;"
      >
        <div
          class="about__content"
        >
          <h1
            class="about__name"
          >
            Frontend 
            <span>
              разработчик
            </span>
          </h1>
          <div
            class="about__column"
          >
            <div
              class="about__auth about__auth_inactive"
              data-testid="auth"
            >
              <div
                class="about__auth-img"
              >
                <img
                  alt="Фотография"
                  src="./img/About/auth-2.jpg"
                />
              </div>
              <div
                class="about__auth-info"
              >
                <span>
                  22 года
                </span>
                <span>
                  г. Ярославль
                </span>
              </div>
            </div>
            <div
              class="about__auth-cloud"
            />
            <h2
              class="about__title"
            >
              О себе
            </h2>
          </div>
          <div
            class="about__column"
          >
            <ul
              class="about__links"
            >
              <li
                class="about__social"
              >
                <a
                  href="https://github.com/zefry7"
                  rel="noreferrer"
                  target="_blank"
                >
                  <img
                    alt="Ссылка на мой GitHub"
                    src="./img/Footer/github.svg"
                  />
                </a>
              </li>
              <li
                class="about__social"
              >
                <a
                  href="https://leetcode.com/u/zefry7/"
                  rel="noreferrer"
                  target="_blank"
                >
                  <img
                    alt="Ссылка на мой LeetCode"
                    src="./img/Footer/leetcode.svg"
                  />
                </a>
              </li>
              <li
                class="about__social"
              >
                <a
                  href="https://t.me/petrov_71"
                  rel="noreferrer"
                  target="_blank"
                >
                  <img
                    alt="Ссылка на мой Telegram"
                    src="./img/Footer/tg.svg"
                  />
                </a>
              </li>
            </ul>
            <div
              class="about__info"
            >
              <div
                class="about__descr"
              >
                <h3
                  class="about__descr-title"
                >
                  Кто? Что? Почему?
                </h3>
                <div
                  class="about__descr-list"
                >
                  <p
                    class="about__descr-text"
                  >
                    Я – веб-разработчик, который ценит командную работу и стремится создавать качественные, адаптивные и интуитивно понятные продукты.
                  </p>
                  <p
                    class="about__descr-text"
                  >
                    Специализируюсь на React и на всём, что с ним связано, так как он для меня удобен и понятен с точки зрения разработки.
                  </p>
                  <p
                    class="about__descr-text"
                  >
                    Мне нравится создавать проекты с индивидуальным и креативным подходом, а также писать код, выполнение которого моментально отображается на экране, позволяя мне видеть результат своей работы.
                  </p>
                </div>
              </div>
              <div
                class="about__achiev"
              >
                <h3
                  class="about__achiev-title"
                >
                  Достижения
                </h3>
                <ul
                  class="about__achiev-list"
                >
                  <li
                    class="about__achiev-text"
                  >
                    Самостоятельно обучился веб-разработке и её аспектам.
                  </li>
                  <li
                    class="about__achiev-text"
                  >
                    Участвовал во всероссийском акселераторе “Цифра” и занял с командой 3 место в рамках хакатона.
                  </li>
                  <li
                    class="about__achiev-text"
                  >
                    Успешно прошёл интенсив по React от компании YLab Development.
                  </li>
                  <li
                    class="about__achiev-text"
                  >
                    Решил более 700 задач различной сложности на LeetCode.
                  </li>
                  <li
                    class="about__achiev-text"
                  >
                    Работал с различными бэкенд-разработчиками и дизайнерами.
                  </li>
                  <li
                    class="about__achiev-text"
                  >
                    Работал по методологии Kanban.
                  </li>
                </ul>
              </div>
            </div>
          </div>
        </div>
      </section>
      <section
        class="skills"
        id="skills"
        style="--page: 1;"
      >
        <div
          class="skills__content"
        >
          <div
            class="skills__banner"
          >
            <h2
              class="skills__title"
            >
              Навыки
            </h2>
          </div>
          <div
            class="skills__block skills__block_left"
          >
            <div
              class="skills__column"
            >
              <div
                class="skills__wrapper-item"
              >
                <div
                  class="skills__item"
                >
                  <span
                    class="skills__item-text"
                  >
                    HTML
                  </span>
                </div>
              </div>
              <div
                class="skills__wrapper-item"
              >
                <div
                  class="skills__item"
                >
                  <span
                    class="skills__item-text"
                  >
                    CSS
                  </span>
                </div>
              </div>
              <div
                class="skills__wrapper-item"
              >
                <div
                  class="skills__item"
                >
                  <span
                    class="skills__item-text"
                  >
                    Tailwind
                  </span>
                </div>
              </div>
            </div>
            <div
              class="skills__column"
            >
              <div
                class="skills__wrapper-item scale-9"
              >
                <div
                  class="skills__wrapper-item-top"
                />
                <div
                  class="skills__item"
                >
                  <span
                    class="skills__item-text"
                  >
                    JavaScript
                  </span>
                </div>
              </div>
              <div
                class="skills__wrapper-item scale-9"
              >
                <div
                  class="skills__item"
                >
                  <span
                    class="skills__item-text"
                  >
                    Redux
                  </span>
                </div>
              </div>
            </div>
            <div
              class="skills__column"
            >
              <div
                class="skills__wrapper-item scale-8"
              >
                <div
                  class="skills__wrapper-item-top"
                />
                <div
                  class="skills__item"
                >
                  <span
                    class="skills__item-text"
                  >
                    React
                  </span>
                </div>
              </div>
            </div>
          </div>
          <div
            class="skills__block skills__block_right"
          >
            <div
              class="skills__column"
            >
              <div
                class="skills__wrapper-item"
              >
                <div
                  class="skills__item"
                >
                  <span
                    class="skills__item-text"
                  >
                    SASS
                  </span>
                </div>
              </div>
              <div
                class="skills__wrapper-item scale-9"
              >
                <div
                  class="skills__item"
                >
                  <span
                    class="skills__item-text"
                  >
                    TypeScript
                  </span>
                </div>
              </div>
              <div
                class="skills__wrapper-item scale-8"
              >
                <div
                  class="skills__item"
                >
                  <span
                    class="skills__item-text"
                  >
                    Webpack
                  </span>
                </div>
              </div>
            </div>
            <div
              class="skills__column"
            >
              <div
                class="skills__wrapper-item"
              >
                <div
                  class="skills__item"
                >
                  <span
                    class="skills__item-text"
                  >
                    Git
                  </span>
                </div>
              </div>
              <div
                class="skills__wrapper-item scale-9"
              >
                <div
                  class="skills__item"
                >
                  <span
                    class="skills__item-text"
                  >
                    REST API
                  </span>
                </div>
              </div>
            </div>
            <div
              class="skills__column"
            >
              <div
                class="skills__wrapper-item"
              >
                <div
                  class="skills__item"
                >
                  <span
                    class="skills__item-text"
                  >
                    Prettier
                  </span>
                </div>
              </div>
            </div>
          </div>
        </div>
        <div
          class="skills__line skills__line-1"
        />
        <div
          class="skills__line skills__line-2"
        />
        <div
          class="skills__line skills__line-3"
        />
        <div
          class="skills__line skills__line-4"
        />
        <div
          class="skills__line skills__line-5"
        />
      </section>
      <section
        class="portfolio"
        data-testid="portfolio"
        id="portfolio"
        style="--page: 1;"
      >
        <div
          class="portfolio__content"
        >
          <div
            class="portfolio__column"
          >
            <div
              class="portfolio__row"
            >
              <span
                class="portfolio__name portfolio__name_active"
                data-testid="project_0"
              >
                Лаборатория
              </span>
              <span
                class="portfolio__name"
                data-testid="project_1"
              >
                Digital Project
              </span>
              <span
                class="portfolio__name"
                data-testid="project_2"
              >
                Столярная мастерская
              </span>
              <span
                class="portfolio__name"
                data-testid="project_3"
              >
                Chef Kitchen
              </span>
              <span
                class="portfolio__name"
                data-testid="project_4"
              >
                Interior Design
              </span>
            </div>
            <div
              class="portfolio__project"
            >
              <div
                class="portfolio__project-img"
              >
                <img
                  alt=""
                  src="./img/Portfolio/laboratory.png"
                />
              </div>
              <div
                class="portfolio__project-info"
              >
                <div
                  class="portfolio__project-tag-row"
                >
                  <span
                    class="portfolio__project-tag"
                  >
                    React
                  </span>
                  <span
                    class="portfolio__project-tag"
                  >
                    ts
                  </span>
                  <span
                    class="portfolio__project-tag"
                  >
                    redux
                  </span>
                  <span
                    class="portfolio__project-tag"
                  >
                    Tailwind
                  </span>
                </div>
                <h2
                  class="portfolio__project-name"
                  data-testid="project_name"
                >
                  Лаборатория
                </h2>
                <p
                  class="portfolio__project-descr"
                >
                  Сайт-лаборатория с личными разработками различных идей и задумок.
                </p>
              </div>
            </div>
          </div>
          <div
            class="portfolio__column"
          >
            <div
              class="portfolio__info"
            >
              <h3
                class="portfolio__info-title"
              >
                Описание
              </h3>
              <ul
                class="portfolio__info-list"
              >
                <li
                  class="portfolio__info-line"
                >
                  Одностраничный сайт
                </li>
                <li
                  class="portfolio__info-line"
                >
                  Работа с Canvas
                </li>
                <li
                  class="portfolio__info-line"
                >
                  Добавлен Prettier для единого стиля кода
                </li>
                <li
                  class="portfolio__info-line"
                >
                  Добавлен Autoprefixer для стилей CSS
                </li>
                <li
                  class="portfolio__info-line"
                >
                  Анимации отображения элементов
                </li>
              </ul>
              <a
                class="portfolio__info-button"
                href="https://laboratory-sigma.vercel.app/"
                rel="noreferrer"
                target="_blank"
              >
                Открыть сайт
              </a>
            </div>
            <h2
              class="portfolio__title"
            >
              Портфолио
            </h2>
          </div>
        </div>
      </section>
      <section
        class="contact"
        data-testid="contact"
        id="contact"
        style="--page: 1;"
      >
        <div
          class="contact__content"
        >
          <h2
            class="contact__title"
          >
            Контакты
          </h2>
          <p
            class="contact__description"
          >
            Если у Вас есть предложения или вопросы, то Вы можете оставить своё сообщение.
          </p>
          <div
            class="contact__wrapper-form"
          >
            <form
              class="contact__form"
              data-testid="form"
            >
              <input
                class="contact__form-name"
                data-testid="inputName"
                name="name"
                placeholder="Ваше имя..."
                required=""
                type="text"
              />
              <input
                class="contact__form-email"
                data-testid="inputEmail"
                name="email"
                placeholder="Ваша почта..."
                required=""
                type="email"
              />
              <textarea
                class="contact__form-description"
                name="description"
                placeholder="Ваше сообщение..."
                required=""
              />
              <p
                class="contact__error"
              />
              <button
                class="contact__form-submit"
                data-testid="submit"
                type="submit"
              >
                Отправить
              </button>
            </form>
          </div>
        </div>
      </section>
    </div>
    <div
      class="wrapper-swiper__arrow-next"
      data-testid="right-arrow"
    >
      <img
        alt="Стрелочка вправо"
        src="./img/double-arrow.svg"
      />
    </div>
  </main>
</div>
`;
